npm notice run dadyoom@0.1.0 build
npm notice run next build
▲ Next.js 16.2.11 (Turbopack)
- Environments: .env.local

  Creating an optimized production build ...
✓ Compiled successfully in 7.0s
  Running TypeScript ...
  Finished TypeScript in 12.3s ...
  Collecting page data using 7 workers ...
  Generating static pages using 7 workers (0/38) ...
  Generating static pages using 7 workers (9/38) 
  Generating static pages using 7 workers (18/38) 
  Generating static pages using 7 workers (28/38) 
✓ Generating static pages using 7 workers (38/38) in 1084ms
  Finalizing page optimization ...

Route (app)
┌ ○ /
├ ○ /_not-found
├ ƒ /admin
├ ƒ /admin/courses
├ ƒ /admin/courses/new
├ ƒ /admin/lessons
├ ƒ /admin/lessons/[id]
├ ƒ /admin/lessons/new
├ ƒ /api/admin/lessons/generate
├ ƒ /api/ai/assessment
├ ƒ /api/ai/assessment/[id]
├ ƒ /api/ai/assessment/next
├ ƒ /api/ai/assessment/session
├ ƒ /api/ai/assessment/submit
├ ƒ /api/ai/learning-plan
├ ƒ /api/ai/recommendation
├ ƒ /api/ask
├ ƒ /api/assessments/check
├ ƒ /api/dad-companion
├ ƒ /api/dad-voice
├ ƒ /api/dad/chat
├ ƒ /api/dictionary
├ ƒ /api/lesson-mastery
├ ƒ /api/lessons/complete
├ ƒ /api/progress
├ ƒ /api/progress/complete
├ ƒ /api/semantic-search
├ ƒ /api/semantic-search/history
├ ƒ /api/semantic-search/stream
├ ○ /ask
├ ƒ /assessment
├ ƒ /assessment/[lessonId]
├ ƒ /courses
├ ○ /dad-pack-01
├ ○ /dad-v2
├ ○ /dad-v2-pro
├ ○ /dictionary
├ ƒ /journey
├ ƒ /lessons/[id]
├ ○ /login
├ ƒ /quiz/[id]
├ ○ /signup
├ ƒ /student
├ ƒ /teacher
├ ƒ /teacher/[id]
└ ○ /teacher/new


ƒ Proxy (Middleware)

○  (Static)   prerendered as static content
ƒ  (Dynamic)  server-rendered on demand

